// Jest Snapshot v1, https://goo.gl/fbAQLP

exports[`Phase 01 extraction: encode determinism via new module snapshot-encodes canonical queue via new module path: phase01-canonical-queue-encoded 1`] = `"Q0:D1:Barbell Bench Press|92.5|5|3|Flat,Dumbbell Flyes|15|10|3;Q1:D2:Barbell Back Squat|117.5|4|5|High Bar,Leg Extensions|55|15|3"`;
